// Jest Snapshot v1, https://goo.gl/fbAQLP

exports[`EditInXmlFormat renders component 1`] = `
<div>
  <div
    class="xonomy nerd"
  />
</div>
`;
