// Jest Snapshot v1, https://goo.gl/fbAQLP

exports[`ProjectOpen renders component 1`] = `
<div>
  <div
    class="grid"
  >
    <div
      class="col-12"
    >
      <h5>
        Open Directory and create new project
      </h5>
      <form
        class="formgroup-inline"
        novalidate=""
      >
        <div
          class="field"
        >
          <input
            class="p-inputtext p-component"
            id="projectName"
            placeholder="Project Name"
            value=""
          />
        </div>
        <div
          class="field"
        >
          <input
            aria-label="project-directory-input"
            class="p-inputtext p-component"
            id="projectDirectory"
            placeholder="Project Directory"
            readonly=""
            value=""
          />
        </div>
        <button
          aria-label="Create Project"
          class="p-button p-component"
          type="submit"
        >
          <span
            class="p-button-label p-c"
          >
            Create Project
          </span>
        </button>
      </form>
    </div>
  </div>
</div>
`;
