// Jest Snapshot v1, https://goo.gl/fbAQLP

exports[`EditInDataGridFormat renders component 1`] = `
<div>
  <div
    class="tableContainer"
  >
    <div
      style="overflow: visible; height: 0px; width: 0px;"
    />
    <div
      class="resize-triggers"
    >
      <div
        class="expand-trigger"
      >
        <div
          style="width: 1px; height: 1px;"
        />
      </div>
      <div
        class="contract-trigger"
      />
    </div>
  </div>
</div>
`;
